Microchip MPLAB XC8 Compiler V2.40

Linker command line:

-W-3 \
  --edf=D:\Program Files\Microchip\xc8\v2.40\pic\dat\20220703182018_en.msgs \
  -cn -h+dist/default/production\XC8-lcd-hc595.X.production.sym \
  --cmf=dist/default/production\XC8-lcd-hc595.X.production.cmf -z -Q12F683 \
  -oC:\Users\CDEBAL~1\AppData\Local\Temp\xcAs7no.4 --defsym=__MPLAB_BUILD=1 \
  --fixupoverflow=error \
  -Mdist/default/production/XC8-lcd-hc595.X.production.map \
  --md=C:\Users\CDEBAL~1\AppData\Local\Temp\xcAs7no.dat -E1 \
  -ver=XC8 Compiler --acfsm=1493 -ACODE=00h-07FFh -ASTRCODE=00h-07FFh \
  -ASTRING=00h-0FFhx8 -ACONST=00h-0FFhx8 -AENTRY=00h-0FFhx8 \
  -ACOMMON=070h-07Fh -ABANK0=020h-06Fh -ABANK1=0A0h-0BFh \
  -ARAM=020h-06Fh,0A0h-0BFh -AABS1=020h-07Fh,0A0h-0BFh -ASFR0=00h-01Fh \
  -ASFR1=080h-09Fh -ACONFIG=02007h-02007h -DCONFIG=2 -AIDLOC=02000h-02003h \
  -DIDLOC=2 -AEEDATA=00h-0FFh/02100h -peeprom_data=EEDATA -DEEDATA=2 \
  -DCODE=2 -DSTRCODE=2 -DSTRING=2 -DCONST=2 -DENTRY=2 \
  -preset_vec=00h,intentry=04h,init,end_init -ppowerup=CODE -pcinit=CODE \
  -pfunctab=ENTRY -k C:\Users\CDEBAL~1\AppData\Local\Temp\xcAs7no.o \
  dist/default/production\XC8-lcd-hc595.X.production.o 

Object code version is 3.11

Machine type is 12F683



                Name                               Link     Load   Length Selector   Space Scale
C:\Users\CDEBAL~1\AppData\Local\Temp\xcAs7no.o
                end_init                              A        A        1        8       0
                reset_vec                             0        0        1        0       0
                config                             2007     2007        1        0       4
                idloc                              2000     2000        4        0       5
dist/default/production\XC8-lcd-hc595.X.production.o
                cinit                                 B        B        2        8       0
                intentry                              4        4        6        8       0
                config                             2007     2007        1        0       4
                idloc                              2000     2000        4        0       5
                text9                               162      162       12      1A6       0
                text8                               150      150       12      1A6       0
                text7                                7C       7C       2C        8       0
                text6                                FA       FA       20      1A6       0
                text5                                D3       D3       27      1A6       0
                text4                               174      174        F      1A6       0
                text3                               11A      11A       1D      1A6       0
                text2                               137      137       19      1A6       0
                text1                                4E       4E       2E        8       0
                maintext                              D        D       41        8       0
                cstackBANK0                          20       20        8       20       1
                cstackCOMMON                         70       70        C       70       1
                strings                              A8       A8       2B      150       0

TOTAL           Name                               Link     Load   Length     Space
        CLASS   CODE           
                end_init                              A        A        1         0
                cinit                                 B        B        2         0
                intentry                              4        4        6         0
                reset_vec                             0        0        1         0
                text9                               162      162       12         0
                text8                               150      150       12         0
                text7                                7C       7C       2C         0
                text6                                FA       FA       20         0
                text5                                D3       D3       27         0
                text4                               174      174        F         0
                text3                               11A      11A       1D         0
                text2                               137      137       19         0
                text1                                4E       4E       2E         0
                maintext                              D        D       41         0

        CLASS   STRCODE        

        CLASS   STRING         
                strings                              A8       A8       2B         0

        CLASS   CONST          

        CLASS   ENTRY          

        CLASS   COMMON         
                cstackCOMMON                         70       70        C         1

        CLASS   BANK0          
                cstackBANK0                          20       20        8         1

        CLASS   BANK1          

        CLASS   RAM            

        CLASS   ABS1           
                abs_s1                               7E       7E        2         1

        CLASS   SFR0           

        CLASS   SFR1           

        CLASS   CONFIG         
                config                             2007     2007        1         4

        CLASS   IDLOC          
                idloc                              2000     2000        4         5

        CLASS   EEDATA         

        CLASS   STACK          



SEGMENTS        Name                           Load    Length   Top    Selector   Space  Class     Delta

                reset_vec                      000000  000001  000001         0       0  CODE        2
                intentry                       000004  0000A4  0000A8         8       0  CODE        2
                cstackBANK0                    000020  000008  000028        20       1  BANK0       1
                cstackCOMMON                   000070  00000C  00007C        70       1  COMMON      1
                strings                        0000A8  00002B  0000D3       150       0  STRING      2
                text5                          0000D3  0000B0  000183       1A6       0  CODE        2


UNUSED ADDRESS RANGES

        Name                Unused          Largest block    Delta
        BANK0            0028-006F             48           1
        BANK1            00A0-00BF             20           1
        CODE             0001-0003              3           2
                         0183-07FF            67D
        COMMON           007C-007D              2           1
        CONST            0001-0003              3           2
                         0183-07FF            100
        EEDATA           2100-21FF            100           2
        ENTRY            0001-0003              3           2
                         0183-07FF            100
        RAM              0028-006F             48           1
                         00A0-00BF             20
        SFR0             0000-001F             20           1
        SFR1             0080-009F             20           1
        STRCODE          0001-0003              3           2
                         0183-07FF            67D
        STRING           0001-0003              3           2
                         0183-07FF            100

                                  Symbol Table

_ANSEL                   (abs)        009F
_CMCON0                  (abs)        0019
_GPIO                    (abs)        0005
_GPIObits                (abs)        0005
_INTCONbits              (abs)        000B
_OSCCONbits              (abs)        008F
_TRISIO                  (abs)        0085
__Habs1                  abs1         0000
__Hbank0                 bank0        0000
__Hbank1                 bank1        0000
__Hcinit                 cinit        000D
__Hclrtext               clrtext      0000
__Hcode                  code         0000
__Hcommon                common       0000
__Hconfig                config       2008
__HcstackBANK0           cstackBANK0  0000
__HcstackCOMMON          cstackCOMMON 0000
__Heeprom_data           eeprom_data  0000
__Hend_init              end_init     000B
__Hfunctab               functab      0000
__Hidloc                 idloc        2004
__Hinit                  init         000A
__Hintentry              intentry     000A
__Hmaintext              maintext     0000
__Hpowerup               powerup      0000
__Hram                   ram          0000
__Hreset_vec             reset_vec    0001
__Hsfr0                  sfr0         0000
__Hsfr1                  sfr1         0000
__Hspace_0               (abs)        0183
__Hspace_1               (abs)        007C
__Hspace_2               (abs)        0000
__Hspace_3               (abs)        0000
__Hspace_4               (abs)        400F
__Hstack                 stack        0000
__Hstrings               strings      0000
__Htext                  text         0000
__Labs1                  abs1         0000
__Lbank0                 bank0        0000
__Lbank1                 bank1        0000
__Lcinit                 cinit        000B
__Lclrtext               clrtext      0000
__Lcode                  code         0000
__Lcommon                common       0000
__Lconfig                config       0000
__LcstackBANK0           cstackBANK0  0000
__LcstackCOMMON          cstackCOMMON 0000
__Leeprom_data           eeprom_data  0000
__Lend_init              end_init     000A
__Lfunctab               functab      0000
__Lidloc                 idloc        0000
__Linit                  init         000A
__Lintentry              intentry     0004
__Lmaintext              maintext     0000
__Lpowerup               powerup      0000
__Lram                   ram          0000
__Lreset_vec             reset_vec    0000
__Lsfr0                  sfr0         0000
__Lsfr1                  sfr1         0000
__Lspace_0               (abs)        0000
__Lspace_1               (abs)        0000
__Lspace_2               (abs)        0000
__Lspace_3               (abs)        0000
__Lspace_4               (abs)        0000
__Lstack                 stack        0000
__Lstrings               strings      0000
__Ltext                  text         0000
__S0                     (abs)        0183
__S1                     (abs)        007C
__S3                     (abs)        0000
___int_sp                stack        0000
___latbits               (abs)        0000
___sp                    stack        0000
___stackhi               (abs)        0000
___stacklo               (abs)        0000
__end_of__initialization cinit        000B
__end_of__stringtab      strings      00AE
__end_of_do_Lcden        text8        0162
__end_of_do_Shiftr       text7        00A8
__end_of_init_Lcd        text5        00FA
__end_of_init_Pic        text4        0183
__end_of_isr             text9        0174
__end_of_lcd4bits        strings      00C3
__end_of_lcdClear        strings      00C2
__end_of_lcdCon          strings      00C0
__end_of_lcdFunc         strings      00BF
__end_of_lcdHome         strings      00C1
__end_of_main            maintext     004E
__end_of_myText1         strings      00BE
__end_of_myText2         strings      00D3
__end_of_pos_Lcd         text3        0137
__end_of_reset_Lcd       text2        0150
__end_of_send_Nibbles    text6        011A
__end_of_send_Text       text1        007C
__initialization         cinit        000B
__pcstackBANK0           cstackBANK0  0020
__pcstackCOMMON          cstackCOMMON 0070
__pintentry              intentry     0004
__pmaintext              maintext     000D
__pstrings               strings      00A8
__ptext1                 text1        004E
__ptext2                 text2        0137
__ptext3                 text3        011A
__ptext4                 text4        0174
__ptext5                 text5        00D3
__ptext6                 text6        00FA
__ptext7                 text7        007C
__ptext8                 text8        0150
__ptext9                 text9        0162
__stringbase             strings      00AD
__stringtab              strings      00A8
_do_Lcden                text8        0150
_do_Shiftr               text7        007C
_init_Lcd                text5        00D3
_init_Pic                text4        0174
_isr                     text9        0162
_main                    maintext     000D
_myText1                 strings      00AE
_myText2                 strings      00C3
_pos_Lcd                 text3        011A
_reset_Lcd               text2        0137
_send_Nibbles            text6        00FA
_send_Text               text1        004E
btemp                    (abs)        007E
do_Shiftr@i              cstackCOMMON 0074
do_Shiftr@value          cstackCOMMON 0073
end_of_initialization    cinit        000B
interrupt_function       intentry     0004
intlevel0                functab      0000
intlevel1                functab      0000
intlevel2                functab      0000
intlevel3                functab      0000
intlevel4                functab      0000
intlevel5                functab      0000
main@i                   cstackBANK0  0027
pos_Lcd@pos              cstackBANK0  0023
pos_Lcd@x                cstackBANK0  0022
pos_Lcd@y                cstackCOMMON 007A
reset_vec                reset_vec    0000
saved_w                  (abs)        007E
send_Nibbles@data        cstackCOMMON 0077
send_Nibbles@hiB         cstackCOMMON 0079
send_Nibbles@lowB        cstackCOMMON 0078
send_Nibbles@rs          cstackCOMMON 0075
send_Text@i              cstackBANK0  0023
send_Text@n              cstackCOMMON 007A
send_Text@s              cstackBANK0  0022
start                    init         000A
start_initialization     cinit        000B
wtemp0                   (abs)        007E


MODULE INFORMATION

Module		Function		Class		Link	Load	Size
shared
		_myText2       		STRING         	00C3	0000	16
		__stringtab    		STRING         	00A8	0000	6
		_lcdCon        		STRING         	0000	0000	0
		_myText1       		STRING         	00AE	0000	16
		_lcdClear      		STRING         	0000	0000	0
		__initialization		CODE           	000B	0000	1
		_lcdFunc       		STRING         	0000	0000	0
		_lcd4bits      		STRING         	0000	0000	0
		_lcdHome       		STRING         	0000	0000	0

shared estimated size: 39

main.c
		_reset_Lcd     		CODE           	0137	0000	25
		_do_Lcden      		CODE           	0150	0000	18
		_init_Pic      		CODE           	0174	0000	15
		_send_Nibbles  		CODE           	00FA	0000	32
		_main          		CODE           	000D	0000	65
		_send_Text     		CODE           	004E	0000	46
		_isr           		CODE           	0162	0000	18
		_init_Lcd      		CODE           	00D3	0000	39
		_pos_Lcd       		CODE           	011A	0000	29
		_do_Shiftr     		CODE           	007C	0000	44

main.c estimated size: 331

