Microchip MPLAB XC8 Compiler V2.40

Linker command line:

-W-3 \
  --edf=D:\Program Files\Microchip\xc8\v2.40\pic\dat\20220703182018_en.msgs \
  -cn -h+dist/default/production\XC8-Xtal-ext.X.production.sym \
  --cmf=dist/default/production\XC8-Xtal-ext.X.production.cmf -z -Q12F683 \
  -oC:\Users\CDEBAL~1\AppData\Local\Temp\xcAsf3k.4 --defsym=__MPLAB_BUILD=1 \
  --fixupoverflow=error \
  -Mdist/default/production/XC8-Xtal-ext.X.production.map \
  --md=C:\Users\CDEBAL~1\AppData\Local\Temp\xcAsf3k.dat -E1 \
  -ver=XC8 Compiler --acfsm=1493 -ACODE=00h-07FFh -ASTRCODE=00h-07FFh \
  -ASTRING=00h-0FFhx8 -ACONST=00h-0FFhx8 -AENTRY=00h-0FFhx8 \
  -ACOMMON=070h-07Fh -ABANK0=020h-06Fh -ABANK1=0A0h-0BFh \
  -ARAM=020h-06Fh,0A0h-0BFh -AABS1=020h-07Fh,0A0h-0BFh -ASFR0=00h-01Fh \
  -ASFR1=080h-09Fh -ACONFIG=02007h-02007h -DCONFIG=2 -AIDLOC=02000h-02003h \
  -DIDLOC=2 -AEEDATA=00h-0FFh/02100h -peeprom_data=EEDATA -DEEDATA=2 \
  -DCODE=2 -DSTRCODE=2 -DSTRING=2 -DCONST=2 -DENTRY=2 \
  -preset_vec=00h,intentry=04h,init,end_init -ppowerup=CODE -pcinit=CODE \
  -pfunctab=ENTRY -k C:\Users\CDEBAL~1\AppData\Local\Temp\xcAsf3k.o \
  dist/default/production\XC8-Xtal-ext.X.production.o 

Object code version is 3.11

Machine type is 12F683



                Name                               Link     Load   Length Selector   Space Scale
C:\Users\CDEBAL~1\AppData\Local\Temp\xcAsf3k.o
                end_init                              A        A        1        8       0
                reset_vec                             0        0        1        0       0
                config                             2007     2007        1        0       4
                idloc                              2000     2000        4        0       5
dist/default/production\XC8-Xtal-ext.X.production.o
                cinit                                 B        B        4        8       0
                intentry                              4        4        6        8       0
                config                             2007     2007        1        0       4
                idloc                              2000     2000        4        0       5
                text2                                D8       D8       15        8       0
                text1                                ED       ED       13        8       0
                maintext                              F        F       C9        8       0
                cstackCOMMON                         70       70        6       70       1
                bssCOMMON                            78       78        1       70       1
                bitbssCOMMON                        3B8       77        1       70       1     8
                nvCOMMON                             76       76        1       70       1

TOTAL           Name                               Link     Load   Length     Space
        CLASS   CODE           
                end_init                              A        A        1         0
                cinit                                 B        B        4         0
                intentry                              4        4        6         0
                reset_vec                             0        0        1         0
                text2                                D8       D8       15         0
                text1                                ED       ED       13         0
                maintext                              F        F       C9         0

        CLASS   STRCODE        

        CLASS   STRING         

        CLASS   CONST          

        CLASS   ENTRY          

        CLASS   COMMON         
                cstackCOMMON                         70       70        6         1
                bssCOMMON                            78       78        1         1
                bitbssCOMMON                        3B8       77        1         1
                nvCOMMON                             76       76        1         1

        CLASS   BANK0          

        CLASS   BANK1          

        CLASS   RAM            

        CLASS   ABS1           
                abs_s1                               7E       7E        2         1

        CLASS   SFR0           

        CLASS   SFR1           

        CLASS   CONFIG         
                config                             2007     2007        1         4

        CLASS   IDLOC          
                idloc                              2000     2000        4         5

        CLASS   EEDATA         

        CLASS   STACK          



SEGMENTS        Name                           Load    Length   Top    Selector   Space  Class     Delta

                reset_vec                      000000  000001  000001         0       0  CODE        2
                intentry                       000004  0000FC  000100         8       0  CODE        2
                cstackCOMMON                   000070  000009  000079        70       1  COMMON      1


UNUSED ADDRESS RANGES

        Name                Unused          Largest block    Delta
        BANK0            0020-006F             50           1
        BANK1            00A0-00BF             20           1
        CODE             0001-0003              3           2
                         0100-07FF            700
        COMMON           0079-007D              5           1
        CONST            0001-0003              3           2
                         0100-07FF            100
        EEDATA           2100-21FF            100           2
        ENTRY            0001-0003              3           2
                         0100-07FF            100
        RAM              0020-006F             50           1
                         00A0-00BF             20
        SFR0             0000-001F             20           1
        SFR1             0080-009F             20           1
        STRCODE          0001-0003              3           2
                         0100-07FF            700
        STRING           0001-0003              3           2
                         0100-07FF            100

                                  Symbol Table

_ANSEL                   (abs)        009F
_CMCON0                  (abs)        0019
_FAILFLAG                bitbssCOMMON 03B8
_GPIO                    (abs)        0005
_GPIObits                (abs)        0005
_INTCONbits              (abs)        000B
_OSCCONbits              (abs)        008F
_PIE1bits                (abs)        008C
_PIR1bits                (abs)        000C
_PicInit                 text1        00ED
_TRISIO                  (abs)        0085
_WDTCONbits              (abs)        0018
__Habs1                  abs1         0000
__Hbank0                 bank0        0000
__Hbank1                 bank1        0000
__HbitbssCOMMON          bitbssCOMMON 0000
__HbssCOMMON             bssCOMMON    0000
__Hcinit                 cinit        000F
__Hclrtext               clrtext      0000
__Hcode                  code         0000
__Hcommon                common       0000
__Hconfig                config       2008
__HcstackCOMMON          cstackCOMMON 0000
__Heeprom_data           eeprom_data  0000
__Hend_init              end_init     000B
__Hfunctab               functab      0000
__Hidloc                 idloc        2004
__Hinit                  init         000A
__Hintentry              intentry     000A
__Hmaintext              maintext     0000
__HnvCOMMON              nvCOMMON     0000
__Hpowerup               powerup      0000
__Hram                   ram          0000
__Hreset_vec             reset_vec    0001
__Hsfr0                  sfr0         0000
__Hsfr1                  sfr1         0000
__Hspace_0               (abs)        0100
__Hspace_1               (abs)        03B9
__Hspace_2               (abs)        0000
__Hspace_3               (abs)        0000
__Hspace_4               (abs)        400F
__Hstack                 stack        0000
__Hstrings               strings      0000
__Htext                  text         0000
__Labs1                  abs1         0000
__Lbank0                 bank0        0000
__Lbank1                 bank1        0000
__LbitbssCOMMON          bitbssCOMMON 0000
__LbssCOMMON             bssCOMMON    0000
__Lcinit                 cinit        000B
__Lclrtext               clrtext      0000
__Lcode                  code         0000
__Lcommon                common       0000
__Lconfig                config       0000
__LcstackCOMMON          cstackCOMMON 0000
__Leeprom_data           eeprom_data  0000
__Lend_init              end_init     000A
__Lfunctab               functab      0000
__Lidloc                 idloc        0000
__Linit                  init         000A
__Lintentry              intentry     0004
__Lmaintext              maintext     0000
__LnvCOMMON              nvCOMMON     0000
__Lpowerup               powerup      0000
__Lram                   ram          0000
__Lreset_vec             reset_vec    0000
__Lsfr0                  sfr0         0000
__Lsfr1                  sfr1         0000
__Lspace_0               (abs)        0000
__Lspace_1               (abs)        0000
__Lspace_2               (abs)        0000
__Lspace_3               (abs)        0000
__Lspace_4               (abs)        0000
__Lstack                 stack        0000
__Lstrings               strings      0000
__Ltext                  text         0000
__S0                     (abs)        0100
__S1                     (abs)        0079
__S3                     (abs)        0000
___int_sp                stack        0000
___latbits               (abs)        0000
___sp                    stack        0000
___stackhi               (abs)        0000
___stacklo               (abs)        0000
__end_of_PicInit         text1        0100
__end_of__initialization cinit        000D
__end_of_isr             text2        00ED
__end_of_main            maintext     00D8
__initialization         cinit        000B
__pbitbssCOMMON          bitbssCOMMON 03B8
__pbssCOMMON             bssCOMMON    0078
__pcstackCOMMON          cstackCOMMON 0070
__pintentry              intentry     0004
__pmaintext              maintext     000F
__pnvCOMMON              nvCOMMON     0076
__ptext1                 text1        00ED
__ptext2                 text2        00D8
_counter                 nvCOMMON     0076
_isr                     text2        00D8
_main                    maintext     000F
_retry                   bssCOMMON    0078
btemp                    (abs)        007E
end_of_initialization    cinit        000D
interrupt_function       intentry     0004
intlevel0                functab      0000
intlevel1                functab      0000
intlevel2                functab      0000
intlevel3                functab      0000
intlevel4                functab      0000
intlevel5                functab      0000
main@i                   cstackCOMMON 0075
reset_vec                reset_vec    0000
saved_w                  (abs)        007E
start                    init         000A
start_initialization     cinit        000B
wtemp0                   (abs)        007E


MODULE INFORMATION

Module		Function		Class		Link	Load	Size
Main.c
		_main          		CODE           	000F	0000	201
		_PicInit       		CODE           	00ED	0000	19
		_isr           		CODE           	00D8	0000	21

Main.c estimated size: 241

shared
		__initialization		CODE           	000B	0000	2

shared estimated size: 2

