Microchip MPLAB XC8 Compiler V2.40

Linker command line:

-W-3 \
  --edf=D:\Program Files\Microchip\xc8\v2.40\pic\dat\20220703182018_en.msgs \
  -cn -h+dist/default/production\Noob-eeprom.X.production.sym \
  --cmf=dist/default/production\Noob-eeprom.X.production.cmf -z -Q12F683 \
  -oC:\Users\CDEBAL~1\AppData\Local\Temp\xcAs82o.5 --defsym=__MPLAB_BUILD=1 \
  --fixupoverflow=error \
  -Mdist/default/production/Noob-eeprom.X.production.map \
  --md=C:\Users\CDEBAL~1\AppData\Local\Temp\xcBs82o.dat -E1 \
  -ver=XC8 Compiler --acfsm=1493 -ACODE=00h-07FFh -ASTRCODE=00h-07FFh \
  -ASTRING=00h-0FFhx8 -ACONST=00h-0FFhx8 -AENTRY=00h-0FFhx8 \
  -ACOMMON=070h-07Fh -ABANK0=020h-06Fh -ABANK1=0A0h-0BFh \
  -ARAM=020h-06Fh,0A0h-0BFh -AABS1=020h-07Fh,0A0h-0BFh -ASFR0=00h-01Fh \
  -ASFR1=080h-09Fh -ACONFIG=02007h-02007h -DCONFIG=2 -AIDLOC=02000h-02003h \
  -DIDLOC=2 -AEEDATA=00h-0FFh/02100h -peeprom_data=EEDATA -DEEDATA=2 \
  -DCODE=2 -DSTRCODE=2 -DSTRING=2 -DCONST=2 -DENTRY=2 \
  -preset_vec=00h,intentry=04h,init,end_init -ppowerup=CODE -pcinit=CODE \
  -pfunctab=ENTRY -k C:\Users\CDEBAL~1\AppData\Local\Temp\xcAs82o.o \
  dist/default/production\Noob-eeprom.X.production.o 

Object code version is 3.11

Machine type is 12F683



                Name                               Link     Load   Length Selector   Space Scale
C:\Users\CDEBAL~1\AppData\Local\Temp\xcAs82o.o
                end_init                              A        A        1        8       0
                reset_vec                             0        0        1        0       0
                config                             2007     2007        1        0       4
                idloc                              2000     2000        4        0       5
dist/default/production\Noob-eeprom.X.production.o
                cinit                                 B        B        6        8       0
                intentry                              4        4        6        8       0
                config                             2007     2007        1        0       4
                idloc                              2000     2000        4        0       5
                text11                              255      255       13      340       0
                text10                              277      277        A      340       0
                text9                               1CE      1CE       25      340       0
                text8                               1F3      1F3       20      340       0
                text7                               10D      10D       4A        8       0
                text6                               268      268        F      340       0
                text5                               242      242       13      340       0
                text4                               281      281        7      340       0
                text3                               213      213       1B      340       0
                text2                               1A0      1A0       2E      340       0
                text1                               22E      22E       14      340       0
                maintext                             11       11       FC        8       0
                cstackBANK0                          20       20        C       20       1
                cstackCOMMON                         70       70        A       70       1
                bssBANK0                             2C       2C        1       20       1
                bssCOMMON                            7B       7B        1       70       1
                bitbssCOMMON                        3D0       7A        1       70       1     8
                strings                             157      157       49      2AE       0

TOTAL           Name                               Link     Load   Length     Space
        CLASS   CODE           
                end_init                              A        A        1         0
                cinit                                 B        B        6         0
                intentry                              4        4        6         0
                reset_vec                             0        0        1         0
                text11                              255      255       13         0
                text10                              277      277        A         0
                text9                               1CE      1CE       25         0
                text8                               1F3      1F3       20         0
                text7                               10D      10D       4A         0
                text6                               268      268        F         0
                text5                               242      242       13         0
                text4                               281      281        7         0
                text3                               213      213       1B         0
                text2                               1A0      1A0       2E         0
                text1                               22E      22E       14         0
                maintext                             11       11       FC         0

        CLASS   STRCODE        

        CLASS   STRING         
                strings                             157      157       49         0

        CLASS   CONST          

        CLASS   ENTRY          

        CLASS   COMMON         
                cstackCOMMON                         70       70        A         1
                bssCOMMON                            7B       7B        1         1
                bitbssCOMMON                        3D0       7A        1         1

        CLASS   BANK0          
                cstackBANK0                          20       20        C         1
                bssBANK0                             2C       2C        1         1

        CLASS   BANK1          

        CLASS   RAM            

        CLASS   ABS1           
                abs_s1                               7E       7E        2         1

        CLASS   SFR0           

        CLASS   SFR1           

        CLASS   CONFIG         
                config                             2007     2007        1         4

        CLASS   IDLOC          
                idloc                              2000     2000        4         5

        CLASS   EEDATA         

        CLASS   STACK          



SEGMENTS        Name                           Load    Length   Top    Selector   Space  Class     Delta

                reset_vec                      000000  000001  000001         0       0  CODE        2
                intentry                       000004  000153  000157         8       0  CODE        2
                cstackBANK0                    000020  00000D  00002D        20       1  BANK0       1
                cstackCOMMON                   000070  00000C  00007C        70       1  COMMON      1
                strings                        000157  000049  0001A0       2AE       0  STRING      2
                text2                          0001A0  0000E8  000288       340       0  CODE        2


UNUSED ADDRESS RANGES

        Name                Unused          Largest block    Delta
        BANK0            002D-006F             43           1
        BANK1            00A0-00BF             20           1
        CODE             0001-0003              3           2
                         0288-07FF            578
        COMMON           007C-007D              2           1
        CONST            0001-0003              3           2
                         0288-07FF            100
        EEDATA           2100-21FF            100           2
        ENTRY            0001-0003              3           2
                         0288-07FF            100
        RAM              002D-006F             43           1
                         00A0-00BF             20
        SFR0             0000-001F             20           1
        SFR1             0080-009F             20           1
        STRCODE          0001-0003              3           2
                         0288-07FF            578
        STRING           0001-0003              3           2
                         0288-07FF            100

                                  Symbol Table

_ANSEL                   (abs)        009F
_B1                      bssBANK0     002C
_CMCON0                  (abs)        0019
_EEADR                   (abs)        009B
_EECON1bits              (abs)        009C
_EECON2                  (abs)        009D
_EEDAT                   (abs)        009A
_EEFLAG                  bitbssCOMMON 03D0
_GPIO                    (abs)        0005
_GPIObits                (abs)        0005
_INTCONbits              (abs)        000B
_OSCCONbits              (abs)        008F
_PIE1bits                (abs)        008C
_PIR1bits                (abs)        000C
_TRISIO                  (abs)        0085
__Habs1                  abs1         0000
__Hbank0                 bank0        0000
__Hbank1                 bank1        0000
__HbitbssCOMMON          bitbssCOMMON 0000
__HbssBANK0              bssBANK0     0000
__HbssCOMMON             bssCOMMON    0000
__Hcinit                 cinit        0011
__Hclrtext               clrtext      0000
__Hcode                  code         0000
__Hcommon                common       0000
__Hconfig                config       2008
__HcstackBANK0           cstackBANK0  0000
__HcstackCOMMON          cstackCOMMON 0000
__Heeprom_data           eeprom_data  0000
__Hend_init              end_init     000B
__Hfunctab               functab      0000
__Hidloc                 idloc        2004
__Hinit                  init         000A
__Hintentry              intentry     000A
__Hmaintext              maintext     0000
__Hpowerup               powerup      0000
__Hram                   ram          0000
__Hreset_vec             reset_vec    0001
__Hsfr0                  sfr0         0000
__Hsfr1                  sfr1         0000
__Hspace_0               (abs)        0288
__Hspace_1               (abs)        03D1
__Hspace_2               (abs)        0000
__Hspace_3               (abs)        0000
__Hspace_4               (abs)        400F
__Hstack                 stack        0000
__Hstrings               strings      0000
__Htext                  text         0000
__Labs1                  abs1         0000
__Lbank0                 bank0        0000
__Lbank1                 bank1        0000
__LbitbssCOMMON          bitbssCOMMON 0000
__LbssBANK0              bssBANK0     0000
__LbssCOMMON             bssCOMMON    0000
__Lcinit                 cinit        000B
__Lclrtext               clrtext      0000
__Lcode                  code         0000
__Lcommon                common       0000
__Lconfig                config       0000
__LcstackBANK0           cstackBANK0  0000
__LcstackCOMMON          cstackCOMMON 0000
__Leeprom_data           eeprom_data  0000
__Lend_init              end_init     000A
__Lfunctab               functab      0000
__Lidloc                 idloc        0000
__Linit                  init         000A
__Lintentry              intentry     0004
__Lmaintext              maintext     0000
__Lpowerup               powerup      0000
__Lram                   ram          0000
__Lreset_vec             reset_vec    0000
__Lsfr0                  sfr0         0000
__Lsfr1                  sfr1         0000
__Lspace_0               (abs)        0000
__Lspace_1               (abs)        0000
__Lspace_2               (abs)        0000
__Lspace_3               (abs)        0000
__Lspace_4               (abs)        0000
__Lstack                 stack        0000
__Lstrings               strings      0000
__Ltext                  text         0000
__S0                     (abs)        0288
__S1                     (abs)        007C
__S3                     (abs)        0000
___int_sp                stack        0000
___latbits               (abs)        0000
___sp                    stack        0000
___stackhi               (abs)        0000
___stacklo               (abs)        0000
__end_of__initialization cinit        000F
__end_of__stringtab      strings      015D
__end_of_do_Lcd          text10       0281
__end_of_do_Shiftr       text9        01F3
__end_of_init_Lcd        text7        0157
__end_of_isr             text11       0268
__end_of_lcd4bits        strings      0162
__end_of_lcdClear        strings      0161
__end_of_lcdCon          strings      015F
__end_of_lcdFunc         strings      015E
__end_of_lcdHome         strings      0160
__end_of_main            maintext     010D
__end_of_myText1         strings      0174
__end_of_myText2         strings      0181
__end_of_myText3         strings      018D
__end_of_myText4         strings      0198
__end_of_myText5         strings      01A0
__end_of_picInit         text6        0277
__end_of_pos_Lcd         text5        0255
__end_of_readEEprom      text4        0288
__end_of_reset_Lcd       text3        022E
__end_of_send_Nibbles    text8        0213
__end_of_send_Text       text2        01CE
__end_of_writeEEprom     text1        0242
__initialization         cinit        000B
__pbitbssCOMMON          bitbssCOMMON 03D0
__pbssBANK0              bssBANK0     002C
__pbssCOMMON             bssCOMMON    007B
__pcstackBANK0           cstackBANK0  0020
__pcstackCOMMON          cstackCOMMON 0070
__pintentry              intentry     0004
__pmaintext              maintext     0011
__pstrings               strings      0157
__ptext1                 text1        022E
__ptext10                text10       0277
__ptext11                text11       0255
__ptext2                 text2        01A0
__ptext3                 text3        0213
__ptext4                 text4        0281
__ptext5                 text5        0242
__ptext6                 text6        0268
__ptext7                 text7        010D
__ptext8                 text8        01F3
__ptext9                 text9        01CE
__stringbase             strings      015C
__stringtab              strings      0157
_do_Lcd                  text10       0277
_do_Shiftr               text9        01CE
_init_Lcd                text7        010D
_isr                     text11       0255
_main                    maintext     0011
_myText1                 strings      0162
_myText2                 strings      0174
_myText3                 strings      0181
_myText4                 strings      018D
_myText5                 strings      0198
_picInit                 text6        0268
_pos_Lcd                 text5        0242
_readEEprom              text4        0281
_reset_Lcd               text3        0213
_send_Nibbles            text8        01F3
_send_Text               text2        01A0
_writeEEprom             text1        022E
btemp                    (abs)        007E
do_Shiftr@i              cstackCOMMON 0074
do_Shiftr@value          cstackCOMMON 0073
end_of_initialization    cinit        000F
interrupt_function       intentry     0004
intlevel0                functab      0000
intlevel1                functab      0000
intlevel2                functab      0000
intlevel3                functab      0000
intlevel4                functab      0000
intlevel5                functab      0000
main@B0                  cstackBANK0  002A
main@i                   cstackBANK0  0028
main@i_316               cstackBANK0  0029
main@i_318               cstackBANK0  002B
pos_Lcd@pos              cstackBANK0  0023
pos_Lcd@x                cstackBANK0  0022
pos_Lcd@y                cstackBANK0  0020
readEEprom@addr          cstackCOMMON 0072
reset_vec                reset_vec    0000
saved_w                  (abs)        007E
send_Nibbles@data        cstackCOMMON 0077
send_Nibbles@hiB         cstackCOMMON 0079
send_Nibbles@lowB        cstackCOMMON 0078
send_Nibbles@rs          cstackCOMMON 0075
send_Text@i              cstackBANK0  0024
send_Text@n              cstackBANK0  0020
send_Text@s              cstackBANK0  0023
start                    init         000A
start_initialization     cinit        000B
writeEEprom@addr         cstackCOMMON 0073
writeEEprom@data         cstackCOMMON 0072
wtemp0                   (abs)        007E


MODULE INFORMATION

Module		Function		Class		Link	Load	Size
shared
		_myText2       		STRING         	0174	0000	13
		__stringtab    		STRING         	0157	0000	6
		_myText5       		STRING         	0198	0000	8
		_lcdCon        		STRING         	0000	0000	0
		_myText1       		STRING         	0162	0000	18
		_myText4       		STRING         	018D	0000	11
		_lcdClear      		STRING         	0000	0000	0
		__initialization		CODE           	000B	0000	4
		_lcdFunc       		STRING         	0000	0000	0
		_myText3       		STRING         	0181	0000	12
		_lcd4bits      		STRING         	0000	0000	0
		_lcdHome       		STRING         	0000	0000	0

shared estimated size: 72

main.c
		_main          		CODE           	0011	0000	252
		_isr           		CODE           	0255	0000	19
		_writeEEprom   		CODE           	022E	0000	20
		_picInit       		CODE           	0268	0000	15
		_readEEprom    		CODE           	0281	0000	7

main.c estimated size: 313

../XC8-template-lcd.X/lcd.c
		_reset_Lcd     		CODE           	0213	0000	27
		_send_Nibbles  		CODE           	01F3	0000	32
		_send_Text     		CODE           	01A0	0000	46
		_do_Lcd        		CODE           	0277	0000	10
		_init_Lcd      		CODE           	010D	0000	74
		_pos_Lcd       		CODE           	0242	0000	19
		_do_Shiftr     		CODE           	01CE	0000	37

../XC8-template-lcd.X/lcd.c estimated size: 245

